[08-Dec-2025 13:25:57 Asia/Makassar] PHP Fatal error:  Uncaught Error: Call to undefined function cekActive() in C:\xampp\htdocs\simpkl_smktab\index.php:128
Stack trace:
#0 {main}
  thrown in C:\xampp\htdocs\simpkl_smktab\index.php on line 128
[08-Dec-2025 13:27:40 Asia/Makassar] PHP Fatal error:  Uncaught Error: Call to undefined function cekActive() in C:\xampp\htdocs\simpkl_smktab\index.php:127
Stack trace:
#0 {main}
  thrown in C:\xampp\htdocs\simpkl_smktab\index.php on line 127
[08-Dec-2025 13:29:11 Asia/Makassar] PHP Fatal error:  Uncaught Error: Call to undefined function cekDropdownActive() in C:\xampp\htdocs\simpkl_smktab\index.php:118
Stack trace:
#0 {main}
  thrown in C:\xampp\htdocs\simpkl_smktab\index.php on line 118
[10-Dec-2025 21:38:58 Asia/Makassar] PHP Notice:  session_start(): Ignoring session_start() because a session is already active (started from C:\laragon\www\simpkl_smktab\index.php on line 3) in C:\laragon\www\simpkl_smktab\pages\pembimbing\rekap_kalender_siswa.php on line 3
[10-Dec-2025 21:39:06 Asia/Makassar] PHP Notice:  session_start(): Ignoring session_start() because a session is already active (started from C:\laragon\www\simpkl_smktab\index.php on line 3) in C:\laragon\www\simpkl_smktab\pages\pembimbing\rekap_kalender_siswa.php on line 3
[10-Dec-2025 21:39:07 Asia/Makassar] PHP Notice:  session_start(): Ignoring session_start() because a session is already active (started from C:\laragon\www\simpkl_smktab\index.php on line 3) in C:\laragon\www\simpkl_smktab\pages\pembimbing\rekap_kalender_siswa.php on line 3
[10-Dec-2025 21:39:17 Asia/Makassar] PHP Notice:  session_start(): Ignoring session_start() because a session is already active (started from C:\laragon\www\simpkl_smktab\index.php on line 3) in C:\laragon\www\simpkl_smktab\pages\pembimbing\rekap_kalender_siswa.php on line 3
[10-Dec-2025 21:39:23 Asia/Makassar] PHP Notice:  session_start(): Ignoring session_start() because a session is already active (started from C:\laragon\www\simpkl_smktab\index.php on line 3) in C:\laragon\www\simpkl_smktab\pages\pembimbing\rekap_kalender_siswa.php on line 3
[10-Dec-2025 21:39:26 Asia/Makassar] PHP Notice:  session_start(): Ignoring session_start() because a session is already active (started from C:\laragon\www\simpkl_smktab\index.php on line 3) in C:\laragon\www\simpkl_smktab\pages\pembimbing\rekap_kalender_siswa.php on line 3
[10-Dec-2025 21:39:56 Asia/Makassar] PHP Notice:  session_start(): Ignoring session_start() because a session is already active (started from C:\laragon\www\simpkl_smktab\index.php on line 3) in C:\laragon\www\simpkl_smktab\pages\pembimbing\rekap_kalender_siswa.php on line 3
[10-Dec-2025 21:40:00 Asia/Makassar] PHP Notice:  session_start(): Ignoring session_start() because a session is already active (started from C:\laragon\www\simpkl_smktab\index.php on line 3) in C:\laragon\www\simpkl_smktab\pages\pembimbing\rekap_kalender_siswa.php on line 3
[10-Dec-2025 21:40:05 Asia/Makassar] PHP Notice:  session_start(): Ignoring session_start() because a session is already active (started from C:\laragon\www\simpkl_smktab\index.php on line 3) in C:\laragon\www\simpkl_smktab\pages\pembimbing\rekap_kalender_siswa.php on line 3
[10-Dec-2025 21:40:06 Asia/Makassar] PHP Notice:  session_start(): Ignoring session_start() because a session is already active (started from C:\laragon\www\simpkl_smktab\index.php on line 3) in C:\laragon\www\simpkl_smktab\pages\pembimbing\rekap_kalender_siswa.php on line 3
[10-Dec-2025 21:41:18 Asia/Makassar] PHP Notice:  session_start(): Ignoring session_start() because a session is already active (started from C:\laragon\www\simpkl_smktab\index.php on line 3) in C:\laragon\www\simpkl_smktab\pages\pembimbing\rekap_kalender_siswa.php on line 3
[10-Dec-2025 21:41:19 Asia/Makassar] PHP Notice:  session_start(): Ignoring session_start() because a session is already active (started from C:\laragon\www\simpkl_smktab\index.php on line 3) in C:\laragon\www\simpkl_smktab\pages\pembimbing\rekap_kalender_siswa.php on line 3
[10-Dec-2025 21:41:19 Asia/Makassar] PHP Notice:  session_start(): Ignoring session_start() because a session is already active (started from C:\laragon\www\simpkl_smktab\index.php on line 3) in C:\laragon\www\simpkl_smktab\pages\pembimbing\rekap_kalender_siswa.php on line 3
[10-Dec-2025 21:41:19 Asia/Makassar] PHP Notice:  session_start(): Ignoring session_start() because a session is already active (started from C:\laragon\www\simpkl_smktab\index.php on line 3) in C:\laragon\www\simpkl_smktab\pages\pembimbing\rekap_kalender_siswa.php on line 3
[10-Dec-2025 21:41:44 Asia/Makassar] PHP Notice:  session_start(): Ignoring session_start() because a session is already active (started from C:\laragon\www\simpkl_smktab\index.php on line 3) in C:\laragon\www\simpkl_smktab\pages\pembimbing\rekap_kalender_siswa.php on line 3
[10-Dec-2025 21:41:49 Asia/Makassar] PHP Notice:  session_start(): Ignoring session_start() because a session is already active (started from C:\laragon\www\simpkl_smktab\index.php on line 3) in C:\laragon\www\simpkl_smktab\pages\pembimbing\rekap_kalender_siswa.php on line 3
[10-Dec-2025 21:42:59 Asia/Makassar] PHP Notice:  session_start(): Ignoring session_start() because a session is already active (started from C:\laragon\www\simpkl_smktab\index.php on line 3) in C:\laragon\www\simpkl_smktab\pages\pembimbing\rekap_kalender_siswa.php on line 3
[10-Dec-2025 21:44:25 Asia/Makassar] PHP Notice:  session_start(): Ignoring session_start() because a session is already active (started from C:\laragon\www\simpkl_smktab\index.php on line 3) in C:\laragon\www\simpkl_smktab\pages\pembimbing\rekap_kalender_siswa.php on line 3
[10-Dec-2025 21:44:32 Asia/Makassar] PHP Notice:  session_start(): Ignoring session_start() because a session is already active (started from C:\laragon\www\simpkl_smktab\index.php on line 3) in C:\laragon\www\simpkl_smktab\pages\pembimbing\rekap_kalender_siswa.php on line 3
[10-Dec-2025 21:44:37 Asia/Makassar] PHP Notice:  session_start(): Ignoring session_start() because a session is already active (started from C:\laragon\www\simpkl_smktab\index.php on line 3) in C:\laragon\www\simpkl_smktab\pages\pembimbing\rekap_kalender_siswa.php on line 3
[10-Dec-2025 21:44:39 Asia/Makassar] PHP Notice:  session_start(): Ignoring session_start() because a session is already active (started from C:\laragon\www\simpkl_smktab\index.php on line 3) in C:\laragon\www\simpkl_smktab\pages\pembimbing\rekap_kalender_siswa.php on line 3
[10-Dec-2025 21:44:50 Asia/Makassar] PHP Notice:  session_start(): Ignoring session_start() because a session is already active (started from C:\laragon\www\simpkl_smktab\index.php on line 3) in C:\laragon\www\simpkl_smktab\pages\pembimbing\rekap_kalender_siswa.php on line 3
[10-Dec-2025 21:46:43 Asia/Makassar] PHP Notice:  session_start(): Ignoring session_start() because a session is already active (started from C:\laragon\www\simpkl_smktab\index.php on line 3) in C:\laragon\www\simpkl_smktab\pages\pembimbing\rekap_kalender_siswa.php on line 3
[10-Dec-2025 21:46:47 Asia/Makassar] PHP Notice:  session_start(): Ignoring session_start() because a session is already active (started from C:\laragon\www\simpkl_smktab\index.php on line 3) in C:\laragon\www\simpkl_smktab\pages\pembimbing\rekap_kalender_siswa.php on line 3
[10-Dec-2025 21:46:52 Asia/Makassar] PHP Notice:  session_start(): Ignoring session_start() because a session is already active (started from C:\laragon\www\simpkl_smktab\index.php on line 3) in C:\laragon\www\simpkl_smktab\pages\pembimbing\rekap_kalender_siswa.php on line 3
[10-Dec-2025 21:47:17 Asia/Makassar] PHP Notice:  session_start(): Ignoring session_start() because a session is already active (started from C:\laragon\www\simpkl_smktab\index.php on line 3) in C:\laragon\www\simpkl_smktab\pages\pembimbing\rekap_kalender_siswa.php on line 3
[10-Dec-2025 21:50:46 Asia/Makassar] PHP Notice:  session_start(): Ignoring session_start() because a session is already active (started from C:\laragon\www\simpkl_smktab\index.php on line 3) in C:\laragon\www\simpkl_smktab\pages\pembimbing\rekap_kalender_siswa.php on line 3
[10-Dec-2025 21:50:47 Asia/Makassar] PHP Notice:  session_start(): Ignoring session_start() because a session is already active (started from C:\laragon\www\simpkl_smktab\index.php on line 3) in C:\laragon\www\simpkl_smktab\pages\pembimbing\rekap_kalender_siswa.php on line 3
[10-Dec-2025 21:50:51 Asia/Makassar] PHP Notice:  session_start(): Ignoring session_start() because a session is already active (started from C:\laragon\www\simpkl_smktab\index.php on line 3) in C:\laragon\www\simpkl_smktab\pages\pembimbing\rekap_kalender_siswa.php on line 3
[10-Dec-2025 21:50:52 Asia/Makassar] PHP Notice:  session_start(): Ignoring session_start() because a session is already active (started from C:\laragon\www\simpkl_smktab\index.php on line 3) in C:\laragon\www\simpkl_smktab\pages\pembimbing\rekap_kalender_siswa.php on line 3
[10-Dec-2025 21:51:10 Asia/Makassar] PHP Notice:  session_start(): Ignoring session_start() because a session is already active (started from C:\laragon\www\simpkl_smktab\index.php on line 3) in C:\laragon\www\simpkl_smktab\pages\pembimbing\rekap_kalender_siswa.php on line 3
[10-Dec-2025 21:51:11 Asia/Makassar] PHP Notice:  session_start(): Ignoring session_start() because a session is already active (started from C:\laragon\www\simpkl_smktab\index.php on line 3) in C:\laragon\www\simpkl_smktab\pages\pembimbing\rekap_kalender_siswa.php on line 3
[10-Dec-2025 21:51:13 Asia/Makassar] PHP Notice:  session_start(): Ignoring session_start() because a session is already active (started from C:\laragon\www\simpkl_smktab\index.php on line 3) in C:\laragon\www\simpkl_smktab\pages\pembimbing\rekap_kalender_siswa.php on line 3
[10-Dec-2025 21:54:28 Asia/Makassar] PHP Notice:  session_start(): Ignoring session_start() because a session is already active (started from C:\laragon\www\simpkl_smktab\index.php on line 3) in C:\laragon\www\simpkl_smktab\pages\pembimbing\rekap_kalender_siswa.php on line 3
[10-Dec-2025 21:54:42 Asia/Makassar] PHP Notice:  session_start(): Ignoring session_start() because a session is already active (started from C:\laragon\www\simpkl_smktab\index.php on line 3) in C:\laragon\www\simpkl_smktab\pages\pembimbing\rekap_kalender_siswa.php on line 3
[10-Dec-2025 21:54:44 Asia/Makassar] PHP Notice:  session_start(): Ignoring session_start() because a session is already active (started from C:\laragon\www\simpkl_smktab\index.php on line 3) in C:\laragon\www\simpkl_smktab\pages\pembimbing\rekap_kalender_siswa.php on line 3
[10-Dec-2025 21:54:49 Asia/Makassar] PHP Notice:  session_start(): Ignoring session_start() because a session is already active (started from C:\laragon\www\simpkl_smktab\index.php on line 3) in C:\laragon\www\simpkl_smktab\pages\pembimbing\rekap_kalender_siswa.php on line 3
[10-Dec-2025 21:54:49 Asia/Makassar] PHP Notice:  session_start(): Ignoring session_start() because a session is already active (started from C:\laragon\www\simpkl_smktab\index.php on line 3) in C:\laragon\www\simpkl_smktab\pages\pembimbing\rekap_kalender_siswa.php on line 3
[10-Dec-2025 21:54:54 Asia/Makassar] PHP Notice:  session_start(): Ignoring session_start() because a session is already active (started from C:\laragon\www\simpkl_smktab\index.php on line 3) in C:\laragon\www\simpkl_smktab\pages\pembimbing\rekap_kalender_siswa.php on line 3
[10-Dec-2025 21:54:59 Asia/Makassar] PHP Notice:  session_start(): Ignoring session_start() because a session is already active (started from C:\laragon\www\simpkl_smktab\index.php on line 3) in C:\laragon\www\simpkl_smktab\pages\pembimbing\rekap_kalender_siswa.php on line 3
[10-Dec-2025 21:56:55 Asia/Makassar] PHP Notice:  session_start(): Ignoring session_start() because a session is already active (started from C:\laragon\www\simpkl_smktab\index.php on line 3) in C:\laragon\www\simpkl_smktab\pages\pembimbing\rekap_kalender_siswa.php on line 3
[10-Dec-2025 21:57:08 Asia/Makassar] PHP Notice:  session_start(): Ignoring session_start() because a session is already active (started from C:\laragon\www\simpkl_smktab\index.php on line 3) in C:\laragon\www\simpkl_smktab\pages\pembimbing\rekap_kalender_siswa.php on line 3
[10-Dec-2025 21:57:15 Asia/Makassar] PHP Notice:  session_start(): Ignoring session_start() because a session is already active (started from C:\laragon\www\simpkl_smktab\index.php on line 3) in C:\laragon\www\simpkl_smktab\pages\pembimbing\rekap_kalender_siswa.php on line 3
[10-Dec-2025 21:57:36 Asia/Makassar] PHP Notice:  session_start(): Ignoring session_start() because a session is already active (started from C:\laragon\www\simpkl_smktab\index.php on line 3) in C:\laragon\www\simpkl_smktab\pages\pembimbing\rekap_kalender_siswa.php on line 3
